// Jest Snapshot v1, https://goo.gl/fbAQLP

exports[`App snapshot Take App snapshot 1`] = `
<div>
  <footer>
    netflixroulette
  </footer>
</div>
`;
